  Wiederherzustellende Projekte werden ermittelt...
  Alle Projekte sind f├╝r die Wiederherstellung auf dem neuesten Stand.
  XAML source generation is enabled (MauiXamlInflator=SourceGen). This generates C# code from XAML at compile time for better performance. To disable, remove the MauiXamlInflator line from your .csproj file (reverts to configuration-based defaults: Runtime in Debug, XamlC in Release).
  CopilotCostTracker -> E:\Projects\CopilotCostTracker\bin\Debug\net10.0-windows10.0.19041.0\win-x64\CopilotCostTracker.dll

Der Buildvorgang wurde erfolgreich ausgef├╝hrt.
    0 Warnung(en)
    0 Fehler

Verstrichene Zeit 00:00:04.16
